python : Python was not found but can be installed from the Mic
rosoft Store: ms-windows-store://pdp/?productid=9NJ46SX7X90P
所在位置 行:1 字符: 1
+ python -c "exec(open('test_baseline_upgrade.py', encoding='ut
f-8').re ...
+ ~~~~~~~~~~~~~~~~~~~~~~~~~~~~~~~~~~~~~~~~~~~~~~~~~~~~~~~~~~~~~
~~~~~~~~
    + CategoryInfo          : NotSpecified: (Python was not .. 
   .id=9NJ46SX7X90P:String) [], RemoteException
    + FullyQualifiedErrorId : NativeCommandError
 
